{"logTime": "1007/175156", "correlationVector":"nVBUxLiwfNA+A55SBVBYpB.1","action":"SyncServerConnectionManagerRequest", "result":"SYNC_SERVER_OK", "context":{"environment":"Prod_southindia_prod-s01-004-apac-southindia", "migrationStage":"NotStarted", "server":"akswtt10700004t"}}
{"logTime": "1007/175156", "correlationVector":"nVBUxLiwfNA+A55SBVBYpB.2","action":"ProcessGetUpdates", "result":"Done", "context":{"dataType":"Encryption Keys", "deleted":"0", "process_failed_to_decrypt":"0", "process_pending_decryption":"0", "process_success":"1", "total":"1"}}
{"logTime": "1007/175158", "correlationVector":"","action":"SyncServerConnectionManagerRequest", "result":"CONNECTION_UNAVAILABLE", "context":{"error_type":"net_error_code", "error_value":"-3"}}
{"logTime": "1007/175229", "correlationVector":"ahJxriPUGz0muZk/Vjv781","action":"Initial GetUpdates", "result":"", "context":Reason: NEWLY_SUPPORTED_DATATYPE. cV=ahJxriPUGz0muZk/Vjv781}
{"logTime": "1007/175230", "correlationVector":"ahJxriPUGz0muZk/Vjv781.1","action":"SyncServerConnectionManagerRequest", "result":"SYNC_SERVER_OK", "context":{"environment":"Prod_southindia_prod-s01-004-apac-southindia", "migrationStage":"NotStarted", "server":"akswtt1070000dn"}}
{"logTime": "1007/175230", "correlationVector":"ahJxriPUGz0muZk/Vjv781.2","action":"ProcessGetUpdates", "result":"Done", "context":{"dataType":"Device Info", "deleted":"0", "process_failed_to_decrypt":"0", "process_pending_decryption":"0", "process_success":"3", "total":"3"}}
{"logTime": "1007/175230", "correlationVector":"ahJxriPUGz0muZk/Vjv781.3","action":"GetUpdates Response", "result":"Success", "context":Received 3 update(s). cV=ahJxriPUGz0muZk/Vjv781.0;server=akswtt1070000dn;cloudType=Consumer;environment=Prod_southindia_prod-s01-004-apac-southindia;migrationStage=NotStarted}
{"logTime": "1007/175231", "correlationVector":"fb83fdLQqzKCWZF2GZ0PS6","action":"SyncServerConnectionManagerRequest", "result":"SYNC_SERVER_OK", "context":{"environment":"", "migrationStage":"", "server":""}}
{"logTime": "1007/175231", "correlationVector":"fb83fdLQqzKCWZF2GZ0PS6.0","action":"EncryptionKeysFetcher.DownloadKeys:", "result":"Success", "context":Key count: 4, Last key timestamp: 2026-09-13T09:18:42Z}
{"logTime": "1007/175231", "correlationVector":"fb83fdLQqzKCWZF2GZ0PS6.1","action":"EncryptionKeysManager::SetEncryptionKeys:", "result":"Success", "context":Key names[4]:[bg5vxIxcFFUmmsITfWI2u0HP23nqKjVXzqfi56JBt+M1NDUsS9xkhZ+l8Un5I676tEK6m204aKP64sH+aH59dQ==][WeuBs0H8eQYXsXtngTwlsazUCShvFKM5yvDUioG+q32qp8MT/zre1YVwZcHV5Z7nbe4M053wOsaIS1RQbKZ2Lw==][R5pylj2Bvc4WPHFryY/sOQP87BNlwQZ/QekUGjMPWReXrMcKmEEWdSsd2dlbVLsHIZwefza0j2Fe/+kQO7XnzA==][OLwgyIG0tBCZFa0m4hX/tEJBcJitPsOvzFx1P+e/Dh665MpG5iQvs3Jbt2Y31N4NPst/awSkPyzAVSydBqQllg==]}
{"logTime": "1007/175231", "correlationVector":"fb83fdLQqzKCWZF2GZ0PS6.2","action":"EncryptionKeysManager::SetEncryptionKeysWithTimestamps:", "result":"Success", "context":Key timestamps[4]:[2025-03-17T07:36:09Z][2025-09-13T14:15:09Z][2026-03-13T10:13:48Z][2026-09-13T09:18:42Z]}
{"logTime": "1007/175231", "correlationVector":"OK/ZgrNScC0X6pk1mXmK+e","action":"Initial GetUpdates", "result":"", "context":Reason: NEWLY_SUPPORTED_DATATYPE. cV=OK/ZgrNScC0X6pk1mXmK+e}
{"logTime": "1007/175232", "correlationVector":"OK/ZgrNScC0X6pk1mXmK+e.1","action":"SyncServerConnectionManagerRequest", "result":"SYNC_SERVER_OK", "context":{"environment":"Prod_southindia_prod-s01-004-apac-southindia", "migrationStage":"NotStarted", "server":"akswtt107000047"}}
{"logTime": "1007/175232", "correlationVector":"OK/ZgrNScC0X6pk1mXmK+e.2","action":"ProcessGetUpdates", "result":"Done", "context":{"dataType":"Bookmarks", "deleted":"0", "process_failed_to_decrypt":"0", "process_pending_decryption":"0", "process_success":"6", "total":"6"}}
{"logTime": "1007/175232", "correlationVector":"OK/ZgrNScC0X6pk1mXmK+e.3","action":"ProcessGetUpdates", "result":"Done", "context":{"dataType":"Preferences", "deleted":"0", "process_failed_to_decrypt":"0", "process_pending_decryption":"0", "process_success":"44", "total":"44"}}
{"logTime": "1007/175232", "correlationVector":"OK/ZgrNScC0X6pk1mXmK+e.4","action":"ProcessGetUpdates", "result":"Done", "context":{"dataType":"Sessions", "deleted":"14", "process_failed_to_decrypt":"0", "process_pending_decryption":"0", "process_success":"16", "total":"16"}}
{"logTime": "1007/175232", "correlationVector":"OK/ZgrNScC0X6pk1mXmK+e.5","action":"ProcessGetUpdates", "result":"Done", "context":{"dataType":"Edge Hub App Usage", "deleted":"1", "process_failed_to_decrypt":"0", "process_pending_decryption":"0", "process_success":"4", "total":"4"}}
{"logTime": "1007/175232", "correlationVector":"OK/ZgrNScC0X6pk1mXmK+e.6","action":"GetUpdates Response", "result":"Success", "context":Received 70 update(s). cV=OK/ZgrNScC0X6pk1mXmK+e.0;server=akswtt107000047;cloudType=Consumer;environment=Prod_southindia_prod-s01-004-apac-southindia;migrationStage=NotStarted}
{"logTime": "1007/175232", "correlationVector":"7Fo9uMHahwCK4uvVKAZCEl","action":"Initial GetUpdates", "result":"", "context":Reason: NEWLY_SUPPORTED_DATATYPE. cV=7Fo9uMHahwCK4uvVKAZCEl}
{"logTime": "1007/175233", "correlationVector":"7Fo9uMHahwCK4uvVKAZCEl.1","action":"SyncServerConnectionManagerRequest", "result":"SYNC_SERVER_OK", "context":{"environment":"Prod_southindia_prod-s01-004-apac-southindia", "migrationStage":"NotStarted", "server":"akswtt107000042"}}
{"logTime": "1007/175233", "correlationVector":"7Fo9uMHahwCK4uvVKAZCEl.2","action":"ProcessGetUpdates", "result":"Done", "context":{"dataType":"Passwords", "deleted":"0", "process_failed_to_decrypt":"0", "process_pending_decryption":"0", "process_success":"28", "total":"28"}}
{"logTime": "1007/175233", "correlationVector":"7Fo9uMHahwCK4uvVKAZCEl.3","action":"GetUpdates Response", "result":"Success", "context":Received 28 update(s). cV=7Fo9uMHahwCK4uvVKAZCEl.0;server=akswtt107000042;cloudType=Consumer;environment=Prod_southindia_prod-s01-004-apac-southindia;migrationStage=NotStarted}
{"logTime": "1007/175233", "correlationVector":"XpCvJfXPchCZtTdLSi7e6L","action":"Initial GetUpdates", "result":"", "context":Reason: NEWLY_SUPPORTED_DATATYPE. cV=XpCvJfXPchCZtTdLSi7e6L}
{"logTime": "1007/175234", "correlationVector":"XpCvJfXPchCZtTdLSi7e6L.1","action":"SyncServerConnectionManagerRequest", "result":"SYNC_SERVER_OK", "context":{"environment":"Prod_southindia_prod-s01-004-apac-southindia", "migrationStage":"NotStarted", "server":"akswtt10700004m"}}
{"logTime": "1007/175234", "correlationVector":"XpCvJfXPchCZtTdLSi7e6L.2","action":"ProcessGetUpdates", "result":"Done", "context":{"dataType":"Autofill Profiles", "deleted":"0", "process_failed_to_decrypt":"0", "process_pending_decryption":"0", "process_success":"2", "total":"2"}}
{"logTime": "1007/175234", "correlationVector":"XpCvJfXPchCZtTdLSi7e6L.3","action":"ProcessGetUpdates", "result":"Done", "context":{"dataType":"Autofill", "deleted":"0", "process_failed_to_decrypt":"0", "process_pending_decryption":"0", "process_success":"209", "total":"209"}}
{"logTime": "1007/175234", "correlationVector":"XpCvJfXPchCZtTdLSi7e6L.4","action":"GetUpdates Response", "result":"Success", "context":Received 211 update(s). cV=XpCvJfXPchCZtTdLSi7e6L.0;server=akswtt10700004m;cloudType=Consumer;environment=Prod_southindia_prod-s01-004-apac-southindia;migrationStage=NotStarted}
{"logTime": "1007/175234", "correlationVector":"EKPFyzXhWfpPFQNBdIedzJ","action":"Initial GetUpdates", "result":"", "context":Reason: NEWLY_SUPPORTED_DATATYPE. cV=EKPFyzXhWfpPFQNBdIedzJ}
{"logTime": "1007/175235", "correlationVector":"EKPFyzXhWfpPFQNBdIedzJ.1","action":"SyncServerConnectionManagerRequest", "result":"SYNC_SERVER_OK", "context":{"environment":"Prod_southindia_prod-s01-004-apac-southindia", "migrationStage":"NotStarted", "server":"akswtt107000057"}}
{"logTime": "1007/175235", "correlationVector":"EKPFyzXhWfpPFQNBdIedzJ.2","action":"ProcessGetUpdates", "result":"Done", "context":{"dataType":"History", "deleted":"0", "process_failed_to_decrypt":"0", "process_pending_decryption":"0", "process_success":"29", "total":"29"}}
{"logTime": "1007/175235", "correlationVector":"EKPFyzXhWfpPFQNBdIedzJ.3","action":"GetUpdates Response", "result":"Success", "context":Received 29 update(s). cV=EKPFyzXhWfpPFQNBdIedzJ.0;server=akswtt107000057;cloudType=Consumer;environment=Prod_southindia_prod-s01-004-apac-southindia;migrationStage=NotStarted}
